{
    "pubyears": [
        "2022"
    ],
    "authors": {
        "0001": {
            "id": "0001",
            "name": "方丈貴恵",
            "hiraName": "★",
            "reviews": [
                "20220101"
            ]
        },
        "0002": {
            "id": "0002",
            "name": "山沢晴雄",
            "hiraName": "★",
            "reviews": [
                "20220201"
            ]
        },
        "0003": {
            "id": "0003",
            "name": "戸田和光",
            "hiraName": "★",
            "reviews": [
                "20220201"
            ]
        },
        "0004": {
            "id": "0004",
            "name": "本格ミステリ作家クラブ",
            "hiraName": "★",
            "reviews": [
                "20220601"
            ]
        }
    },
    "tags": {
        "0001": {
            "id": "0001",
            "name": "特殊設定ミステリ",
            "reviews": [
                "20220101"
            ]
        },
        "0002": {
            "id": "0002",
            "name": "〈竜泉家の一族〉シリーズ",
            "reviews": [
                "20220101"
            ]
        },
        "0003": {
            "id": "0003",
            "name": "アリバイ崩し",
            "reviews": [
                "20220201"
            ]
        },
        "0004": {
            "id": "0004",
            "name": "アンソロジー",
            "reviews": [
                "20220601"
            ]
        },
        "0005": {
            "id": "0005",
            "name": "私的ベスト2022",
            "reviews": [
                "20220101"
            ]
        }
    },
    "categories": [
        {
            "id": "0001",
            "name": "趣向／サブジャンル",
            "tags": [
                "0001",
                "0003"
            ]
        },
        {
            "id": "0002",
            "name": "形態",
            "tags": [
                "0004"
            ]
        },
        {
            "id": "0003",
            "name": "シリーズ",
            "tags": [
                "0002"
            ]
        },
        {
            "id": "0004",
            "name": "私的ベスト",
            "tags": [
                "0005"
            ]
        }
    ],
    "pubdates": {
        "2022": {
            "202201": [
                "20220101"
            ],
            "202202": [
                "20220201"
            ],
            "202206": [
                "20220601"
            ]
        }
    }
}