{
    "pubyears": [
        "2022"
    ],
    "authors": {
        "0001": {
            "id": "0001",
            "name": "方丈貴恵",
            "hiraName": "ほうじょう きえ",
            "reviews": [
                "20220101"
            ]
        },
        "0002": {
            "id": "0002",
            "name": "山沢晴雄",
            "hiraName": "やまざわ はるお",
            "reviews": [
                "20220201"
            ]
        },
        "0003": {
            "id": "0003",
            "name": "戸田和光",
            "hiraName": "とだ かずみつ",
            "reviews": [
                "20220201"
            ]
        },
        "0004": {
            "id": "0004",
            "name": "本格ミステリ作家クラブ",
            "hiraName": "ほんかくみすてりさっかくらぶ",
            "reviews": [
                "20220601"
            ]
        }
    },
    "tags": {
        "0001": {
            "id": "0001",
            "name": "特殊設定ミステリ",
            "reviews": [
                "20220101"
            ]
        },
        "0002": {
            "id": "0002",
            "name": "〈竜泉家の一族〉シリーズ",
            "reviews": [
                "20220101"
            ]
        },
        "0003": {
            "id": "0003",
            "name": "アリバイ崩し",
            "reviews": [
                "20220201"
            ]
        },
        "0004": {
            "id": "0004",
            "name": "アンソロジー",
            "reviews": [
                "20220601"
            ]
        }
    },
    "bests": {
        "0001": {
            "id": "0001",
            "name": "私的ベスト2022",
            "reviews": [
                "20220101"
            ]
        }
    }
}